<html>
<body>
<pre>
<h1>µVision Build Log</h1>
<h2>Tool Versions:</h2>
IDE-Version: µVision V5.28.0.0
Copyright (C) 2019 ARM Ltd and ARM Germany GmbH. All rights reserved.
License Information: t111 Tianqin Zhang, 111, LIC=2TTRA-19S09-WK8B8-3UQ4K-1VVYI-NE15F
 
Tool Versions:
Toolchain:       MDK-ARM Professional  Version: 5.28.0.0
Toolchain Path:  C:\Keil_v5\ARM\ARMCC\Bin
C Compiler:      Armcc.exe V5.06 update 6 (build 750)
Assembler:       Armasm.exe V5.06 update 6 (build 750)
Linker/Locator:  ArmLink.exe V5.06 update 6 (build 750)
Library Manager: ArmAr.exe V5.06 update 6 (build 750)
Hex Converter:   FromElf.exe V5.06 update 6 (build 750)
CPU DLL:         SARMCM3.DLL V5.28.0.0
Dialog DLL:      DCM.DLL V1.17.3.0
Target DLL:      STLink\ST-LINKIII-KEIL_SWO.dll V3.0.6.0
Dialog DLL:      TCM.DLL V1.36.2.0
 
<h2>Project:</h2>
C:\Users\Tianqin Zhang\Desktop\shoot+pneumatic\United2018.uvprojx
Project File Date:  10/11/2020

<h2>Output:</h2>
*** Using Compiler 'V5.06 update 6 (build 750)', folder: 'C:\Keil_v5\ARM\ARMCC\Bin'
Rebuild target 'United2018'
assembling startup_stm32f427xx.s...
compiling stm32f4xx_dbgmcu.c...
compiling misc.c...
compiling system_stm32f4xx.c...
compiling stm32f4xx_adc.c...
compiling stm32f4xx_exti.c...
compiling stm32f4xx_dma.c...
compiling stm32f4xx_can.c...
compiling stm32f4xx_rng.c...
compiling stm32f4xx_gpio.c...
compiling stm32f4xx_sdio.c...
compiling stm32f4xx_i2c.c...
compiling stm32f4xx_flash.c...
compiling stm32f4xx_pwr.c...
compiling stm32f4xx_rcc.c...
compiling stm32f4xx_syscfg.c...
compiling delay.c...
SYSTEM\delay\delay.c(36): warning:  #550-D: variable "fac_ms"  was set but never used
  static u16 fac_ms=0;							//ms??????????,??os??,??????????????ms??
SYSTEM\delay\delay.c: 1 warning, 0 errors
compiling sys.c...
compiling usart.c...
compiling stm32f4xx_spi.c...
compiling stm32f4xx_usart.c...
compiling stm32f4xx_tim.c...
compiling buzzer.c...
compiling spi.c...
compiling led.c...
compiling MPU6500.c...
compiling can1.c...
compiling RemoteControl.c...
compiling pwm.c...
compiling CRC.c...
compiling user_lib.c...
compiling digital.c...
compiling power_ctrl.c...
compiling can2.c...
compiling Comm_umpire.c...
compiling timer.c...
compiling Ctrl_gimbal.c...
compiling fric.c...
compiling Ctrl_chassis.c...
compiling filter.c...
compiling stm32f4xx_it.c...
compiling PID.c...
compiling User_API.c...
compiling IMU.c...
compiling Higher_Class.c...
compiling main.c...
USER\main.c(121): warning:  #68-D: integer conversion resulted in a change of sign
  				Chassis_AutoFollow(Control_data.Vx,Control_data.Vy,Control_data.Wz,Control_data.Pitch_angle,-200);
USER\main.c: 1 warning, 0 errors
compiling Shoot.c...
Applications\Shoot.c(81): warning:  #1035-D: single-precision operand implicitly converted to double-precision
  			T_yaw -= 0.05;
Applications\Shoot.c(84): warning:  #1035-D: single-precision operand implicitly converted to double-precision
  			T_yaw += 0.05;		
Applications\Shoot.c: 2 warnings, 0 errors
linking...
Program Size: Code=40264 RO-data=1656 RW-data=644 ZI-data=7100  
".\OBJ\Objects\United2018.axf" - 0 Error(s), 4 Warning(s).

<h2>Software Packages used:</h2>

Package Vendor: Keil
                http://www.keil.com/pack/Keil.STM32F4xx_DFP.2.14.0.pack
                Keil.STM32F4xx_DFP.2.14.0
                STMicroelectronics STM32F4 Series Device Support, Drivers and Examples

<h2>Collection of Component include folders:</h2>
  .\RTE\_United2018
  C:\Users\Tianqin Zhang\AppData\Local\Arm\Packs\Keil\STM32F4xx_DFP\2.14.0\Drivers\CMSIS\Device\ST\STM32F4xx\Include

<h2>Collection of Component Files used:</h2>
Build Time Elapsed:  00:00:12
</pre>
</body>
</html>
